// Jest Snapshot v1, https://goo.gl/fbAQLP

exports[`components/Button/ 1`] = `
<div
  class="Button Button--default Button--black"
/>
`;
