// Jest Snapshot v1, https://goo.gl/fbAQLP

exports[`components/Avatar/ 1`] = `
<div>
  <img
    class="Avatar"
    src="damso.jpg"
  />
</div>
`;
