// Jest Snapshot v1, https://goo.gl/fbAQLP

exports[`components/Input/ 1`] = `
<input
  class="Input"
/>
`;
